// Jest Snapshot v1, https://goo.gl/fbAQLP

exports[`Layout renders children correctly 1`] = `
<div>
  <div
    className="Header__RootDiv-f43oip-0 cJPDbr"
  >
    <div
      className="Header__Container-f43oip-1 cwnrlq"
    >
      <div
        className="Navigation__RootDiv-sc-1txg1td-0 jOFdkK"
        role="navigation"
      >
        <a
          className="Navigation__NavLink-sc-1txg1td-1 dUnqWc"
          href="/about"
          onClick={[Function]}
        >
          About
        </a>
        <a
          className="Navigation__NavLink-sc-1txg1td-1 dUnqWc"
          href="/contact"
          onClick={[Function]}
        >
          Contact
        </a>
        <span
          className="Navigation__Spacer-sc-1txg1td-2 fjkfwi"
        >
           | 
        </span>
        <a
          className="Navigation__NavLink-sc-1txg1td-1 dUnqWc"
          href="/login"
          onClick={[Function]}
        >
          Log in
        </a>
        <span
          className="Navigation__Spacer-sc-1txg1td-2 fjkfwi"
        >
          or
        </span>
        <a
          className="Navigation__HighlightNavLink-sc-1txg1td-3 kcCXmB"
          href="/register"
          onClick={[Function]}
        >
          Sign up
        </a>
      </div>
      <a
        className="Header__BrandLink-f43oip-2 jCNrbu"
        href="/"
        onClick={[Function]}
      >
        <img
          alt="React"
          height="38"
          src="logo-small.png"
          srcSet="logo-small@2x.png 2x"
          width="38"
        />
        <span
          className="Header__BrandTxt-f43oip-3 blpOGr"
        >
          Your Company
        </span>
      </a>
      <div
        className="Header__Banner-f43oip-4 fJzGOo"
      >
        <h1
          className="Header__BannerTitle-f43oip-5 fPWBXP"
        >
          React
        </h1>
        <p
          className="Header__BannerDesc-f43oip-6 fstwsB"
        >
          Complex web apps made easy
        </p>
      </div>
    </div>
  </div>
  <div
    className="child"
  />
  <div
    className="Feedback__RootDiv-sc-15bzinq-0 eHYQfT"
  >
    <div
      className="Feedback__Container-sc-15bzinq-1 kPQoeq"
    >
      <a
        className="Feedback__Link-sc-15bzinq-2 kioQbN"
        href="https://gitter.im/kriasoft/react-starter-kit"
      >
        Ask a question
      </a>
      <span
        className="Feedback__Spacer-sc-15bzinq-3 cKcaKG"
      >
        |
      </span>
      <a
        className="Feedback__Link-sc-15bzinq-2 kioQbN"
        href="https://github.com/kriasoft/react-starter-kit/issues/new"
      >
        Report an issue
      </a>
    </div>
  </div>
  <div
    className="Footer__RootDiv-b708qw-0 cQJLnV"
  >
    <div
      className="Footer__Container-b708qw-1 fQkMhz"
    >
      <span
        className="Footer__Text-b708qw-3 dEnWnm"
      >
        © Your Company
      </span>
      <span
        className="Footer__Spacer-b708qw-4 ksLTpy"
      >
        ·
      </span>
      <a
        className="Footer__FooterLink-b708qw-2 dpkKcu"
        href="/"
        onClick={[Function]}
      >
        Home
      </a>
      <span
        className="Footer__Spacer-b708qw-4 ksLTpy"
      >
        ·
      </span>
      <a
        className="Footer__FooterLink-b708qw-2 dpkKcu"
        href="/admin"
        onClick={[Function]}
      >
        Admin
      </a>
      <span
        className="Footer__Spacer-b708qw-4 ksLTpy"
      >
        ·
      </span>
      <a
        className="Footer__FooterLink-b708qw-2 dpkKcu"
        href="/privacy"
        onClick={[Function]}
      >
        Privacy
      </a>
      <span
        className="Footer__Spacer-b708qw-4 ksLTpy"
      >
        ·
      </span>
      <a
        className="Footer__FooterLink-b708qw-2 dpkKcu"
        href="/not-found"
        onClick={[Function]}
      >
        Not Found
      </a>
    </div>
  </div>
</div>
`;
